// Jest Snapshot v1, https://goo.gl/fbAQLP

exports[`does not explode when rendered 1`] = `
Array [
  <div
    className="MuiBox-root MuiBox-root-6 CocktailPage-mobileImage-4"
    style={
      Object {
        "backgroundImage": "url(undefined)",
      }
    }
  />,
  <div
    className="MuiGrid-root MuiGrid-container"
  >
    <div
      className="MuiGrid-root CocktailPage-cocktailDetail-1 MuiGrid-item MuiGrid-grid-xs-12 MuiGrid-grid-md-6"
    >
      <div
        className="CocktailPage-cocktailDetailContent-2"
      >
        <h1
          className="MuiTypography-root CocktailPage-cocktailTitle-112 MuiTypography-h1"
        >
          Vesper
        </h1>
        <div
          className="CocktailPage-definitions-110"
        >
          <div
            className="MuiChip-root Definition-chip-143 MuiChip-colorSecondary"
            onKeyDown={[Function]}
            onKeyUp={[Function]}
          >
            <span
              className="MuiChip-label"
            >
              Before Dinner Cocktail
            </span>
          </div>
          <div
            className="MuiChip-root Definition-chip-143 MuiChip-colorSecondary"
            onKeyDown={[Function]}
            onKeyUp={[Function]}
          >
            <span
              className="MuiChip-label"
            >
              Martini
            </span>
          </div>
          <div
            className="MuiChip-root Definition-chip-143 MuiChip-colorSecondary"
            onKeyDown={[Function]}
            onKeyUp={[Function]}
          >
            <span
              className="MuiChip-label"
            >
              Lemon twist
            </span>
          </div>
        </div>
        <div
          className="MuiPaper-root MuiPaper-elevation1 CocktailPage-cocktailDetailPaper-111 MuiPaper-rounded"
        >
          <ul
            className="MuiTypography-root MuiTypography-body1 MuiTypography-gutterBottom"
          >
            <li>
              <span>
                6 cl
                 
                <strong
                  aria-describedby={null}
                  className="Connect(IngredientDetail)-tooltip-201"
                  onBlur={[Function]}
                  onFocus={[Function]}
                  onMouseLeave={[Function]}
                  onMouseOver={[Function]}
                  onTouchEnd={[Function]}
                  onTouchStart={[Function]}
                  title="40% abv"
                >
                  Gin
                </strong>
              </span>
            </li>
            <li>
              <span>
                1.5 cl
                 
                <strong
                  aria-describedby={null}
                  className="Connect(IngredientDetail)-tooltip-201"
                  onBlur={[Function]}
                  onFocus={[Function]}
                  onMouseLeave={[Function]}
                  onMouseOver={[Function]}
                  onTouchEnd={[Function]}
                  onTouchStart={[Function]}
                  title="40% abv"
                >
                  Vodka
                </strong>
              </span>
            </li>
            <li>
              <span>
                0.75 cl
                 
                <strong
                  aria-describedby={null}
                  className="Connect(IngredientDetail)-tooltip-201"
                  onBlur={[Function]}
                  onFocus={[Function]}
                  onMouseLeave={[Function]}
                  onMouseOver={[Function]}
                  onTouchEnd={[Function]}
                  onTouchStart={[Function]}
                  title="15% abv"
                >
                  Lillet Blonde
                </strong>
              </span>
            </li>
          </ul>
          <br />
          <p
            className="MuiTypography-root MuiTypography-body1"
          >
            Shake and strain into a chilled cocktail glass.
          </p>
        </div>
      </div>
    </div>
    <div
      className="MuiGrid-root MuiGrid-item MuiGrid-grid-md-6"
    >
      <div
        className="CocktailPage-cocktailImage-3"
        style={
          Object {
            "backgroundImage": "url(undefined)",
            "opacity": 0,
            "visibility": "hidden",
          }
        }
      />
    </div>
  </div>,
]
`;
